// Jest Snapshot v1, https://goo.gl/fbAQLP

exports[`it should match snapshot 1`] = `
<DocumentFragment>
  <div>
    <img
      alt="heads"
      data-testid="coin"
      src="heads.png"
    />
    <p>
      Out of 0, there have been 0 heads and 0 tails.
    </p>
  </div>
</DocumentFragment>
`;
